../Core/Src/main.c:78:8:write_to_backup_sram	24	static
../Core/Src/main.c:100:8:read_from_backup_sram	24	static
../Core/Src/main.c:126:5:main	120	static
../Core/Src/main.c:227:6:SystemClock_Config	88	static
../Core/Src/main.c:274:13:MX_ADC1_Init	24	static
../Core/Src/main.c:326:13:MX_SPI1_Init	8	static
../Core/Src/main.c:362:13:MX_DMA_Init	16	static
../Core/Src/main.c:383:13:MX_GPIO_Init	40	static
../Core/Src/main.c:420:6:HAL_ADC_ConvCpltCallback	16	static
../Core/Src/main.c:433:6:blinkLed	16	static
../Core/Src/main.c:452:6:readADC	16	static
../Core/Src/main.c:475:6:monitorButton	64	static
../Core/Src/main.c:519:6:Error_Handler	4	static,ignoring_inline_asm
